0
0
Nombre de maillages =  1
0
maillage 0 de nom maa1 et de dimension 2 comportant le nombre d'arretes    0
0
