Maillage de nom : |maa1| , de dimension : 3 , et de type 0
	 -Dimension de l'espace : 3
	 -Description du maillage : Maillage vide
	 -Noms des axes : |x               y               z               |
	 -Unités des axes : |cm              cm              cm              |
	 -Type de repère : 0
	 -Nombre d'étapes de calcul : 0
	 -Unité des dates : |s|
Nombre de champs : 3 

Champ numero : 1 
Nom du champ : |champ entier| de type 26
Nombre de composantes : |3|
Nom des composantes : |comp1           comp2           comp3           |
Unites des composantes : |unit1           unit2           unit3           | 
Unites des dates  : |s| 
Le maillage associé est |maa2|
Nombre de séquences de calcul |1|
	Le maillage |maa2| est porte par un fichier distant |./testfoo.med|

  +Pas de Temps n.-1 (0.000000) [unknown], n. d'ordre -1, avec 1 valeur(s) par entité.
	- Il y a 5 entités qui portent des valeurs en mode 2. Chaque entite MED_NODE de type geometrique MED_NO_GEOTYPE associes au profile || a 1 valeurs associées 
	- Valeurs :
	| 0  1  0 | 0  11  0 | 0  21  0 | 0  31  0 | 0  41  0 |
	- Profil : MED_NO_PROFILE

  +Pas de Temps n.-1 (0.000000) [unknown], n. d'ordre -1, avec 1 valeur(s) par entité.
	- Il y a 3 entités qui portent des valeurs en mode 2. Chaque entite MED_CELL de type geometrique MED_TRIA6 associes au profile |PROFIL(champ2)| a 1 valeurs associées 
	- Valeurs :
	| 0  0  2 | 0  0  22 | 0  0  42 |
	- Profil : |PROFIL(champ2)| de taille 3
	 1  3  5 

  +Pas de Temps n.-1 (0.000000) [unknown], n. d'ordre -1, avec 1 valeur(s) par entité.
	- Il y a 5 entités qui portent des valeurs en mode 2. Chaque entite MED_DESCENDING_FACE de type geometrique MED_TRIA6 associes au profile || a 1 valeurs associées 
	- Valeurs :
	| 0  0  2 | 0  0  12 | 0  0  22 | 0  0  32 | 0  0  42 |
	- Profil : MED_NO_PROFILE

  +Pas de Temps n.-1 (0.000000) [unknown], n. d'ordre -1, avec 1 valeur(s) par entité.
	- Il y a 5 entités qui portent des valeurs en mode 2. Chaque entite MED_DESCENDING_EDGE de type geometrique MED_SEG2 associes au profile || a 1 valeurs associées 
	- Valeurs :
	| 0  0  0 | 10  0  0 | 20  0  0 | 30  0  0 | 40  0  0 |
	- Profil : MED_NO_PROFILE

Champ numero : 2 
Nom du champ : |champ entier 3| de type 26
Nombre de composantes : |2|
Nom des composantes : |comp1           comp2           |
Unites des composantes : |unit1           unit2           | 
Unites des dates  : |s| 
Le maillage associé est |maa1|
Nombre de séquences de calcul |1|

  +Pas de Temps n.-1 (0.000000) [unknown], n. d'ordre -1, avec 1 valeur(s) par entité.
	- Il y a 20 entités qui portent des valeurs en mode 2. Chaque entite MED_CELL de type geometrique MED_QUAD4 associes au profile || a 1 valeurs associées 
	- Valeurs :
	| 0  0 | 10  0 | 20  0 | 30  0 | 40  0 | 50  0 | 60  0 | 70  0 | 80  0 | 90  0 | 100  0 | 110  0 | 120  0 | 130  0 | 140  0 | 150  0 | 160  0 | 170  0 | 180  0 | 190  0 |
	- Profil : MED_NO_PROFILE

  +Pas de Temps n.-1 (0.000000) [unknown], n. d'ordre -1, avec 4 valeur(s) par entité.
	- Il y a 5 entités qui portent des valeurs en mode 2. Chaque entite MED_NODE_ELEMENT de type geometrique MED_QUAD4 associes au profile || a 4 valeurs associées 
	- Valeurs :
	| 0  1  10  11  20  21  30  31 | 40  41  50  51  60  61  70  71 | 80  81  90  91  100  101  110  111 | 120  121  130  131  140  141  150  151 | 160  161  170  171  180  181  190  191 |
	- Profil : MED_NO_PROFILE

  +Pas de Temps n.-1 (0.000000) [unknown], n. d'ordre -1, avec 4 valeur(s) par entité.
	- Il y a 3 entités qui portent des valeurs en mode 2. Chaque entite MED_NODE_ELEMENT de type geometrique MED_QUAD4 associes au profile |PROFIL(champ2)| a 4 valeurs associées 
	- Valeurs :
	| 0  1  10  11  20  21  30  31 | 80  81  90  91  100  101  110  111 | 160  161  170  171  180  181  190  191 |
	- Profil : |PROFIL(champ2)| de taille 3
	 1  3  5 

Champ numero : 3 
Nom du champ : |champ reel| de type 6
Nombre de composantes : |2|
Nom des composantes : |comp1           comp2           |
Unites des composantes : |unit1           unit2           | 
Unites des dates  : |s| 
Le maillage associé est |maa1|
Nombre de séquences de calcul |6|

  +Pas de Temps n.-1 (0.000000) [unknown], n. d'ordre -1, avec 6 valeur(s) par entité.
	- Il y a 1 entités qui portent des valeurs en mode 2. Chaque entite MED_CELL de type geometrique MED_TRIA6 associes au profile || a 6 valeurs associées 
	- Modèle de localisation des points de Gauss de nom |Model n1|
	- Valeurs :
	|  0.000000   1.000000   2.000000   3.000000   10.000000   11.000000   12.000000   13.000000   20.000000   21.000000   22.000000   23.000000 |
	- Profil : MED_NO_PROFILE

  +Pas de Temps n.1 (5.500000) [unknown], n. d'ordre -1, avec 3 valeur(s) par entité.
	- Il y a 2 entités qui portent des valeurs en mode 2. Chaque entite MED_CELL de type geometrique MED_TRIA6 associes au profile || a 3 valeurs associées 
	- Modèle de localisation des points de Gauss de nom |Model n2|
	- Valeurs :
	|  0.000000   0.000000   2.000000   0.000000   10.000000   0.000000 |  12.000000   0.000000   20.000000   0.000000   22.000000   0.000000 |
	- Profil : MED_NO_PROFILE

  +Pas de Temps n.1 (5.500000) [unknown], n. d'ordre 1, avec 6 valeur(s) par entité.
	- Il y a 1 entités qui portent des valeurs en mode 2. Chaque entite MED_CELL de type geometrique MED_TRIA6 associes au profile || a 6 valeurs associées 
	- Modèle de localisation des points de Gauss de nom |Model n1|
	- Valeurs :
	|  0.000000   1.000000   0.000000   3.000000   0.000000   11.000000   0.000000   13.000000   0.000000   21.000000   0.000000   23.000000 |
	- Profil : MED_NO_PROFILE

  +Pas de Temps n.1 (5.500000) [unknown], n. d'ordre 2, avec 3 valeur(s) par entité.
	- Il y a 2 entités qui portent des valeurs en mode 2. Chaque entite MED_CELL de type geometrique MED_TRIA6 associes au profile || a 3 valeurs associées 
	- Modèle de localisation des points de Gauss de nom |Model n2|
	- Valeurs :
	|  0.000000   0.000000   2.000000   0.000000   10.000000   0.000000 |  12.000000   0.000000   20.000000   0.000000   22.000000   0.000000 |
	- Profil : MED_NO_PROFILE

  +Pas de Temps n.2 (5.600000) [unknown], n. d'ordre 2, avec 1 valeur(s) par entité.
	- Il y a 1 entités qui portent des valeurs en mode 2. Chaque entite MED_CELL de type geometrique MED_TRIA6 associes au profile |PROFIL(champ(1))| a 1 valeurs associées 
	- Valeurs :
	|  2.000000   3.000000 |
	- Profil : |PROFIL(champ(1))| de taille 1
	 2 

  +Pas de Temps n.2 (5.600000) [unknown], n. d'ordre 2, avec 3 valeur(s) par entité.
	- Il y a 1 entités qui portent des valeurs en mode 2. Chaque entite MED_CELL de type geometrique MED_TRIA6 associes au profile |PROFIL(champ(1b))| a 3 valeurs associées 
	- Modèle de localisation des points de Gauss de nom |Model n2|
	- Valeurs :
	|  12.000000   13.000000   20.000000   21.000000   22.000000   23.000000 |
	- Profil : |PROFIL(champ(1b))| de taille 1
	 2 

  +Pas de Temps n.3 (5.700000) [unknown], n. d'ordre 2, avec 1 valeur(s) par entité.
	- Il y a 1 entités qui portent des valeurs en mode 2. Chaque entite MED_CELL de type geometrique MED_TRIA6 associes au profile |PROFIL(champ(1))| a 1 valeurs associées 
	- Valeurs :
	|  0.000000   3.000000 |
	- Profil : |PROFIL(champ(1))| de taille 1
	 2 

Nombre de profils stockes : 3

	- Profil n°1 de nom |PROFIL(champ(1))| et de taille 1
	 2 

	- Profil n°2 de nom |PROFIL(champ(1b))| et de taille 1
	 2 

	- Profil n°3 de nom |PROFIL(champ2)| et de taille 3
	 1  3  5 


Nombre de liens stockes : 1

	- Lien n°1 de nom |maa2| et de taille 13
		|./testfoo.med|


Nombre de localisations stockees : 2

	- Loc. n°1 de nom |Model n1| de dimension |2| avec 6 pts de GAUSS 
	  Coordonnees de l'element de reference de type 206 :
		 -1.000000  1.000000  -1.000000  -1.000000  1.000000  -1.000000  -1.000000  0.000000  0.000000  -1.000000  0.000000  0.000000 
	  Localisation des points de GAUSS : 
		 -0.816848  0.633695  -0.816848  -0.816848  0.633695  -0.816848  -0.787794  -0.106103  -0.106103  -0.787794  -0.106103  -0.106103 
	  Poids associes aux points de GAUSS :
		 0.219903  0.219903  0.219903  0.446763  0.446763  0.446763 

	- Loc. n°2 de nom |Model n2| de dimension |2| avec 3 pts de GAUSS 
	  Coordonnees de l'element de reference de type 206 :
		 -1.000000  1.000000  -1.000000  -1.000000  1.000000  -1.000000  -1.000000  0.000000  0.000000  -1.000000  0.000000  0.000000 
	  Localisation des points de GAUSS : 
		 -0.666667  0.333333  -0.666667  -0.666667  0.333333  -0.666667 
	  Poids associes aux points de GAUSS :
		 0.666667  0.666667  0.666667 

