Ouverture du fichier test25.med 
Nombre de maillages = 1
maillage 1 de nom [maa1] et de dimension : 3 , et de type 0
	 -Dimension de l'espace : 3
	 -Description du maillage : |un maillage pour test25|
	 -Noms des axes : |x               y               z               |
	 -Unités des axes : |cm              cm              cm              |
	 -Type de repère : 0
	 -Nombre d'étapes de calcul : 1
	 -Unité des dates : |s|
maillage 1 de nom [maa1] et de dimension : 3 
Nombre de mailles polyedres : 2 
Taille a allouer pour le tableau des faces (d'indexation des noeuds),(nodal) : 9 
Taille a allouer pour le tableau des types de faces (descendant) : 8 
Taille a allouer pour le tableau des noeuds des polyedres (connectivite),(nodal) : 24 
Taille a allouer pour le tableau des noeuds des polyedres (connectivite),(descendant) : 8 
Lecture de la connectivite des mailles MED_POLYEDRE en mode nodal 
Lecture de la connectivite des mailles MED_POLYEDRE en mode descendant 
Lecture des noms des mailles MED_POLYEDRE 
Lecture des numeros des mailles MED_POLYEDRE 
Lecture des numeros de familles des mailles MED_POLYEDRE 
Affichage des resultats 
>> Maille MED_POLYEDRE 1 : 
---- Connectivite nodale      ----- : 
 nfaces = 4
   - Face 1 : [  1  2  3  ] 
   - Face 2 : [  4  5  6  ] 
   - Face 3 : [  7  8  9  ] 
   - Face 4 : [  10  11  12  ] 
---- Connectivite descendante ----- : 
   - Face 1 de numero : 1 et de type 203 
   - Face 2 de numero : 2 et de type 203 
   - Face 3 de numero : 3 et de type 203 
   - Face 4 de numero : 4 et de type 203 
---- Nom                      ----- : polyedre1        
---- Numero                   ----- : 1 
---- Numero de famille        ----- : 0 
>> Maille MED_POLYEDRE 2 : 
---- Connectivite nodale      ----- : 
 nfaces = 4
   - Face 1 : [  13  14  15  ] 
   - Face 2 : [  16  17  18  ] 
   - Face 3 : [  19  20  21  ] 
   - Face 4 : [  22  23  24  ] 
---- Connectivite descendante ----- : 
   - Face 1 de numero : 5 et de type 203 
   - Face 2 de numero : 6 et de type 203 
   - Face 3 de numero : 7 et de type 203 
   - Face 4 de numero : 8 et de type 203 
---- Nom                      ----- : polyedre2        
---- Numero                   ----- : 2 
---- Numero de famille        ----- : -1 
Fermeture du fichier 
