0
0
maillage 0 de nom maa1 et de dimension 2 comportant le nombre de noeud    4
Numero global du noeud   1 :  101
Numero global du noeud   2 :  102
Numero global du noeud   3 :  103
Numero global du noeud   4 :  104
0
